[www.mzcxla.com/index.html]
[backblue.gif]
[fade.gif]
[index.html]
[www.mzcxla.com/runtime-service-worker3860.js]
[www.mzcxla.com/favicon_d1_res.ico]
[www.mzcxla.com/feed/rss2]
[www.mzcxla.com/feed/atom]
[irp-cdn.multiscreensite.com/9e313fc3/dms3rep/multi/mobile/3C647DA4-32DA-4D0D-A184-BF336AE91878.jpg]
[www.mzcxla.com/summary.html]
[www.mzcxla.com/social.html]
[www.mzcxla.com/location-karakuri.html]
[www.mzcxla.com/characters.html]
[www.mzcxla.com/character-notes-1---modern-set.html]
[www.mzcxla.com/designation-sweeper72acd7b5.html]
[www.mzcxla.com/designation-warlock.html]
[irp-cdn.multiscreensite.com/9e313fc3/dms3rep/multi/thumbnail/IMG_3819.jpg]
[www.mzcxla.com/Quote.e.delayed]
[www.mzcxla.com/_dm/s/rt/dist/css/d-css-foundation.minacec.css]
[dd-cdn.multiscreensite.com/fonts/additional-fonts.css]
[www.mzcxla.com/_dm/s/rt/dist/css/css-font-package.minacec.css]
[www.mzcxla.com/_dm/s/rt/dist/css/d-css-runtime-desktop-one-package-new.minacec.css]
[www.mzcxla.com/_dm/s/rt/widgets_cssd630.css]
[irp-cdn.multiscreensite.com/9e313fc3/files/9e313fc3_home_1.min6704.css]
[ajax.googleapis.com/ajax/libs/jquery/2.1.1/jquery.min.js]
[irp-cdn.multiscreensite.com/9e313fc3/files/9e313fc3_1.min6704.css]
[www.mzcxla.com/_dm/s/rt/dist/scripts/d-js-one-runtime-layouts-package.minacec.js]
[www.mzcxla.com/_dm/s/rt/dist/scripts/d-js-runtime-one-package.minacec.js]
[www.mzcxla.com/_dm/s/rt/dist/scripts/d-js-one-runtime-layouts-desktop.minacec.js]
[ssl.google-analytics.com/ga.js]
[d32hwlnfiv2gyn.cloudfront.net/sp-2.0.0-dm-0.1.min.js]
[www.mzcxla.com/index.html]
[www.mzcxla.com/_dm/s/rt/actions/cacheKey.json]
[cdn.jsdelivr.net/npm/lozad/dist/lozad.min.js]
[www.mzcxla.com/_dm/s/rt/widgets_css5d82.css]
[irp-cdn.multiscreensite.com/9e313fc3/dms3rep/multi/--n52jA1RonsB4Ac0FHs4GbbLTclfAl9qEBHljmMqVk.jpg]
[irp-cdn.multiscreensite.com/9e313fc3/dms3rep/multi/desktop/--n52jA1RonsB4Ac0FHs4GbbLTclfAl9qEBHljmMqVk.jpg]
[irp-cdn.multiscreensite.com/9e313fc3/dms3rep/multi/background/--n52jA1RonsB4Ac0FHs4GbbLTclfAl9qEBHljmMqVk.jpg]
[www.mzcxla.com/summary.html]
[www.mzcxla.com/social.html]
[www.mzcxla.com/_dm/s/rt/widgets_css94c0.css]
[www.mzcxla.com/_dm/s/rt/widgets_css0704.css]
[irp-cdn.multiscreensite.com/9e313fc3/dms3rep/multi/karakuri1.png]
[irp-cdn.multiscreensite.com/9e313fc3/dms3rep/multi/desktop/karakuri1.png]
[irp-cdn.multiscreensite.com/9e313fc3/dms3rep/multi/background/karakuri1.png]
[irp-cdn.multiscreensite.com/9e313fc3/dms3rep/multi/mobile/IMG_3701.jpg]
[www.mzcxla.com/location-karakuri.html]
[www.mzcxla.com/characters.html]
[www.mzcxla.com/_dm/s/rt/widgets_css2411.css]
[www.mzcxla.com/_dm/s/rt/widgets_css341b.css]
[irp-cdn.multiscreensite.com/9e313fc3/dms3rep/multi/mobile/pasted+image+0+(1).png]
[www.mzcxla.com/character-notes-1---modern-set.html]
[irp-cdn.multiscreensite.com/9e313fc3/dms3rep/multi/mobile/sweeper1.png]
[www.mzcxla.com/designation-sweeper72acd7b5.html]
[irp-cdn.multiscreensite.com/9e313fc3/dms3rep/multi/mobile/warlock1.png]
[www.mzcxla.com/designation-warlock.html]
[www.mzcxla.com/Quote.html]
[www.mzcxla.com/_dm/s/rt/dist/css/d-css-foundation.minacec.css]
[dd-cdn.multiscreensite.com/fonts/additional-fonts.css]
[www.mzcxla.com/_dm/s/rt/dist/css/css-font-package.minacec.css]
[dd-cdn.multiscreensite.com/runtime-img/arrowBlackRight.png]
[s3.amazonaws.com/dudamobile-themes/Icons/searchBtn.png]
[dd-cdn.multiscreensite.com/runtime-img/restaurantMenu/menu-image1.jpg]
[www.mzcxla.com/_dm/s/rt/dist/css/d-css-runtime-desktop-one-package-new.minacec.css]
[www.mzcxla.com/_dm/s/rt/widgets_cssd630.css]
[dp-cdn.multiscreensite.com/bfsImages/sunset-hair.jpg]
[dd-cdn.multiscreensite.com/runtime-img/imgPlaceholder2.png]
[irp-cdn.multiscreensite.com/9e313fc3/files/9e313fc3_1.min6704.css]
[irp-cdn.multiscreensite.com/9e313fc3/dms3rep/multi/desktop/IMG_5630.jpg]
[irp-cdn.multiscreensite.com/9e313fc3/files/9e313fc3_home_1.min6704.css]
[app.multiscreenstore.com/script.html]
[www.mzcxla.com/_dm/s/rt/scripts/vendor/photoswipe4/icons/default-skin.png]
[www.mzcxla.com/_dm/s/rt/scripts/vendor/photoswipe4/icons/default-skin.svg]
[www.mzcxla.com/_dm/s/rt/scripts/vendor/photoswipe4/icons/preloader.gif]
[www.mzcxla.com/_dm/s/rt/scripts/vendor/photoSwipe/icons@2x.png]
[dd-cdn.multiscreensite.com/runtime-img/galleryLoader.gif]
[www.mzcxla.com/_dm/s/rt/widgets_css5d82.css]
[www.mzcxla.com/_dm/s/rt/widgets_css94c0.css]
[www.mzcxla.com/_dm/s/rt/widgets_css0704.css]
[www.mzcxla.com/_dm/s/rt/widgets_css2411.css]
[www.mzcxla.com/_dm/s/rt/widgets_css341b.css]
[www.mzcxla.com/_dm/s/rt/scripts/vendor/photoswipe4/icons/default-skin.svg]
